BEGIN;
CREATE EXTENSION anon;
SELECT anon.start_dynamic_masking();
 start_dynamic_masking 
-----------------------
 t
(1 row)

CREATE USER test;
--
-- Starting with Postgres 15, unprivileged users are not allowed to create new
-- objects in a database. And for all previous versions, the documentation now
-- recommends to run `REVOKE CREATE ON SCHEMA public FROM PUBLIC;` (see link
-- below )
--
-- With this restriction, the elevation attacks below are not possible. In order
-- to test them on Postgres 15+, we have to restore the creation privilege and
-- check that the extension has its own protections against it.
--
-- https://wiki.postgresql.org/wiki/A_Guide_to_CVE-2018-1058%3A_Protect_Your_Search_Path
--
GRANT ALL ON SCHEMA public TO test;
SET ROLE test;
CREATE OR REPLACE FUNCTION public.elevate()
RETURNS void
AS
$$
BEGIN
    EXECUTE FORMAT('GRANT %I TO test', CURRENT_USER);
    EXCEPTION WHEN OTHERS THEN
    RAISE NOTICE '%', SQLERRM;
END;
$$ LANGUAGE plpgsql;
CREATE TABLE employee (
ssn TEXT
);
SELECT pg_has_role('postgres','MEMBER') IS FALSE;
 ?column? 
----------
 t
(1 row)

SAVEPOINT elevate_1;
SECURITY LABEL FOR anon ON COLUMN employee.ssn
IS 'MASKED WITH FUNCTION pg_catalog.upper(public.elevate()::text)';
ERROR:  'MASKED WITH FUNCTION pg_catalog.upper(public.elevate()::text)' is not a valid masking function
ROLLBACK TO elevate_1;
SAVEPOINT elevate_2;
SECURITY LABEL FOR anon ON COLUMN employee.ssn
IS 'MASKED WITH VALUE public.elevate()::text';
ERROR:  'MASKED WITH VALUE public.elevate()::text' is not a valid masking value
ROLLBACK TO elevate_2;
SELECT pg_has_role('postgres','MEMBER') IS FALSE;
 ?column? 
----------
 t
(1 row)

ROLLBACK;
